// Jest Snapshot v1, https://goo.gl/fbAQLP

exports[`App createRoots App component correctly 1`] = `
<DocumentFragment>
  <div
    class="navbar"
  >
    <img
      alt="logo"
      class="logo"
      src="estate-logo.png"
    />
    <ul
      class="navbar-links"
    >
      <a
        activeclassname="selected-link"
        class="navbar-links-item"
        href="/"
      >
        <li
          class="navbar-label"
        >
          View Properties
        </li>
      </a>
      <a
        activeclassname="selected-link"
        class="navbar-links-item"
        href="/add-property"
      >
        <li
          class="navbar-label"
        >
          Add Property
        </li>
      </a>
    </ul>
    <div>
      FacebookLogin
    </div>
  </div>
  <div
    class="properties-page"
  >
    <div
      class="sidebar-cont"
    >
      <form
        class="property-search"
      >
        <input
          class="property-search-input"
          placeholder="Search Listings"
          type="text"
          value=""
        />
        <button
          class="property-search-button"
          type="submit"
        />
      </form>
      <ul
        class="city-filter-list"
      >
        <h1>
          Filter by city
        </h1>
        <a
          aria-current="page"
          class="city-filter selected-city"
          href="/?query={\\"city\\":\\"Manchester\\"}"
        >
          <li>
            Manchester
          </li>
        </a>
        <a
          aria-current="page"
          class="city-filter selected-city"
          href="/?query={\\"city\\":\\"Liverpool\\"}"
        >
          <li>
            Liverpool
          </li>
        </a>
        <a
          aria-current="page"
          class="city-filter selected-city"
          href="/?query={\\"city\\":\\"Sheffield\\"}"
        >
          <li>
            Sheffield
          </li>
        </a>
        <a
          aria-current="page"
          class="city-filter selected-city"
          href="/?query={\\"city\\":\\"Leeds\\"}"
        >
          <li>
            Leeds
          </li>
        </a>
      </ul>
      <ul
        class="price-filter-list"
      >
        <h1>
          Sort by price
        </h1>
        <a
          aria-current="page"
          class="price-filter active"
          href="/?sort={\\"price\\":1}"
        >
          <li>
            Lowest First
          </li>
        </a>
        <a
          aria-current="page"
          class="price-filter active"
          href="/?sort={\\"price\\":-1}"
        >
          <li>
            Highest First
          </li>
        </a>
      </ul>
    </div>
    <div
      class="alert-cont"
    >
      <div
        class="alert-error"
      >
        Error! no properties match your search
      </div>
    </div>
    <div
      class="property-card-cont"
    />
  </div>
</DocumentFragment>
`;
