// Jest Snapshot v1, https://goo.gl/fbAQLP

exports[`property card render renders property card correctly 1`] = `
<DocumentFragment>
  <div
    class="property-card"
  >
    <img
      alt="house"
      class="two-kings"
      src="2-kings.png"
    />
    <div
      class="details-cont"
    >
      <ul
        class="icon-cont"
      >
        <li />
        <li />
        <li />
        <li />
        <li />
        <li />
      </ul>
      <ul
        class="property-details"
      >
        <li
          class="title-details"
        >
          dummy-title
        </li>
        <li
          class="city-details"
        >
          dummy-city
        </li>
        <li
          class="type-details"
        >
          dummy-type
        </li>
        <li
          class="beds-details"
        >
          3
        </li>
        <li
          class="bath-details"
        >
          2
        </li>
        <li
          class="price-details"
        >
          100000
        </li>
      </ul>
    </div>
    <button
      class="email-button"
      type="button"
    />
  </div>
</DocumentFragment>
`;
